$ cd /workspace/shadcn-ui
$ cd /workspace/shadcn-ui && pnpm run lint


> shadcnui@ lint /workspace/shadcn-ui
> eslint --quiet ./src


/workspace/shadcn-ui/src/components/HottestDeals.tsx
  7:37  error  Unexpected any. Specify a different type  @typescript-eslint/no-explicit-any

/workspace/shadcn-ui/src/components/PropertySearchPage.tsx
  10:37  error  Unexpected any. Specify a different type  @typescript-eslint/no-explicit-any
  14:48  error  Unexpected any. Specify a different type  @typescript-eslint/no-explicit-any
  15:64  error  Unexpected any. Specify a different type  @typescript-eslint/no-explicit-any

/workspace/shadcn-ui/src/pages/Index.tsx
  10:37  error  Unexpected any. Specify a different type  @typescript-eslint/no-explicit-any

✖ 5 problems (5 errors, 0 warnings)

 ELIFECYCLE  Command failed with exit code 1.
$ cd /workspace/shadcn-ui && pnpm run lint


> shadcnui@ lint /workspace/shadcn-ui
> eslint --quiet ./src

$ cd /workspace/shadcn-ui && pnpm run build


> shadcnui@ build /workspace/shadcn-ui
> vite build

vite v5.4.19 building for production...
transforming...
✓ 1671 modules transformed.
rendering chunks...
computing gzip size...
dist/index.html                   1.59 kB │ gzip:   0.81 kB
dist/assets/index-CnFEHCpz.css   71.08 kB │ gzip:  12.16 kB
dist/assets/index-B8culNAl.js   323.27 kB │ gzip: 101.53 kB
✓ built in 10.45s
$ cd /workspace/shadcn-ui && rm index.html

$ cd /workspace/shadcn-ui && pnpm run build


> shadcnui@ build /workspace/shadcn-ui
> vite build

vite v5.4.19 building for production...
transforming...
✓ 1671 modules transformed.
rendering chunks...
computing gzip size...
dist/index.html                   1.54 kB │ gzip:   0.77 kB
dist/assets/index-CnFEHCpz.css   71.08 kB │ gzip:  12.16 kB
dist/assets/index-B8culNAl.js   323.27 kB │ gzip: 101.53 kB
✓ built in 7.95s
